// Jest Snapshot v1, https://goo.gl/fbAQLP

exports[`useForm converter 1`] = `
[MockFunction] {
  "calls": Array [
    Array [
      Object {
        "method": "get",
        "url": "",
      },
    ],
    Array [
      Object {
        "data": Object {
          "bar": "bbc",
        },
        "loading": true,
        "method": "POST",
        "url": "",
      },
    ],
  ],
  "results": Array [
    Object {
      "type": "return",
      "value": Promise {
        "reject": [Function],
        "resolve": [Function],
      },
    },
    Object {
      "type": "return",
      "value": Promise {
        "reject": [Function],
        "resolve": [Function],
      },
    },
  ],
}
`;
